[debug] [2026-08-16T13:34:45.684Z] ----------------------------------------------------------------------
[debug] [2026-08-16T13:34:45.686Z] Command:       C:\Program Files\nodejs\node.exe C:\Users\D\AppData\Roaming\npm\node_modules\firebase-tools\lib\bin\firebase.js deploy --only functions:autoCompleteBookings
[debug] [2026-08-16T13:34:45.686Z] CLI Version:   15.22.4
[debug] [2026-08-16T13:34:45.686Z] Platform:      win32
[debug] [2026-08-16T13:34:45.687Z] Node Version:  v24.16.0
[debug] [2026-08-16T13:34:45.687Z] Detected Agent: unknown
[debug] [2026-08-16T13:34:45.687Z] Time:          Sun Aug 16 2026 19:04:45 GMT+0530 (India Standard Time)
[debug] [2026-08-16T13:34:45.687Z] ----------------------------------------------------------------------
[debug] 
[debug] [2026-08-16T13:34:47.270Z] > command requires scopes: ["email","openid","https://www.googleapis.com/auth/cloudplatformprojects.readonly","https://www.googleapis.com/auth/firebase","https://www.googleapis.com/auth/cloud-platform"]
[debug] [2026-08-16T13:34:47.270Z] > authorizing via signed-in user (carparkingbangalore@gmail.com)
[debug] [2026-08-16T13:34:47.270Z] [iam] checking project carparking-f65bf for permissions ["cloudfunctions.functions.create","cloudfunctions.functions.delete","cloudfunctions.functions.get","cloudfunctions.functions.list","cloudfunctions.functions.update","cloudfunctions.operations.get","firebase.projects.get"]
[debug] [2026-08-16T13:34:47.273Z] Checked if tokens are valid: true, expires at: 1786889618107
[debug] [2026-08-16T13:34:47.273Z] Checked if tokens are valid: true, expires at: 1786889618107
[debug] [2026-08-16T13:34:47.275Z] >>> [apiv2][query] POST https://cloudresourcemanager.googleapis.com/v1/projects/carparking-f65bf:testIamPermissions [none]
[debug] [2026-08-16T13:34:47.275Z] >>> [apiv2][(partial)header] POST https://cloudresourcemanager.googleapis.com/v1/projects/carparking-f65bf:testIamPermissions  x-goog-user-project=carparking-f65bf
[debug] [2026-08-16T13:34:47.276Z] >>> [apiv2][body] POST https://cloudresourcemanager.googleapis.com/v1/projects/carparking-f65bf:testIamPermissions {"permissions":["cloudfunctions.functions.create","cloudfunctions.functions.delete","cloudfunctions.functions.get","cloudfunctions.functions.list","cloudfunctions.functions.update","cloudfunctions.operations.get","firebase.projects.get"]}
[debug] [2026-08-16T13:34:48.806Z] <<< [apiv2][status] POST https://cloudresourcemanager.googleapis.com/v1/projects/carparking-f65bf:testIamPermissions 200
[debug] [2026-08-16T13:34:48.807Z] <<< [apiv2][body] POST https://cloudresourcemanager.googleapis.com/v1/projects/carparking-f65bf:testIamPermissions {"permissions":["cloudfunctions.functions.create","cloudfunctions.functions.delete","cloudfunctions.functions.get","cloudfunctions.functions.list","cloudfunctions.functions.update","cloudfunctions.operations.get","firebase.projects.get"]}
[debug] [2026-08-16T13:34:48.808Z] Checked if tokens are valid: true, expires at: 1786889618107
[debug] [2026-08-16T13:34:48.808Z] Checked if tokens are valid: true, expires at: 1786889618107
[debug] [2026-08-16T13:34:48.809Z] >>> [apiv2][query] POST https://iam.googleapis.com/v1/projects/carparking-f65bf/serviceAccounts/carparking-f65bf@appspot.gserviceaccount.com:testIamPermissions [none]
[debug] [2026-08-16T13:34:48.809Z] >>> [apiv2][body] POST https://iam.googleapis.com/v1/projects/carparking-f65bf/serviceAccounts/carparking-f65bf@appspot.gserviceaccount.com:testIamPermissions {"permissions":["iam.serviceAccounts.actAs"]}
[debug] [2026-08-16T13:34:50.495Z] <<< [apiv2][status] POST https://iam.googleapis.com/v1/projects/carparking-f65bf/serviceAccounts/carparking-f65bf@appspot.gserviceaccount.com:testIamPermissions 200
[debug] [2026-08-16T13:34:50.496Z] <<< [apiv2][body] POST https://iam.googleapis.com/v1/projects/carparking-f65bf/serviceAccounts/carparking-f65bf@appspot.gserviceaccount.com:testIamPermissions {"permissions":["iam.serviceAccounts.actAs"]}
[info] 
[info] === Deploying to 'carparking-f65bf'...
[info] 
[info] i  deploying functions 
[info] Running command: npm --prefix "$RESOURCE_DIR" run lint
[info] +  functions: Finished running predeploy script. 
[debug] [2026-08-16T13:34:51.245Z] Checked if tokens are valid: true, expires at: 1786889618107
[debug] [2026-08-16T13:34:51.245Z] Checked if tokens are valid: true, expires at: 1786889618107
[debug] [2026-08-16T13:34:51.245Z] >>> [apiv2][query] GET https://cloudresourcemanager.googleapis.com/v1/projects/carparking-f65bf [none]
[debug] [2026-08-16T13:34:51.573Z] <<< [apiv2][status] GET https://cloudresourcemanager.googleapis.com/v1/projects/carparking-f65bf 200
[debug] [2026-08-16T13:34:51.573Z] <<< [apiv2][body] GET https://cloudresourcemanager.googleapis.com/v1/projects/carparking-f65bf {"projectNumber":"124435045479","projectId":"carparking-f65bf","lifecycleState":"ACTIVE","name":"carparking","labels":{"firebase":"enabled","firebase-core":"disabled"},"createTime":"2026-05-25T10:44:54.824Z"}
[info] i  functions: preparing codebase default for deployment 
[info] i  functions: ensuring required API cloudfunctions.googleapis.com is enabled... 
[info] i  functions: ensuring required API cloudbuild.googleapis.com is enabled... 
[info] i  artifactregistry: ensuring required API artifactregistry.googleapis.com is enabled... 
[debug] [2026-08-16T13:34:51.591Z] Checked if tokens are valid: true, expires at: 1786889618107
[debug] [2026-08-16T13:34:51.591Z] Checked if tokens are valid: true, expires at: 1786889618107
[debug] [2026-08-16T13:34:51.592Z] >>> [apiv2][query] GET https://firebase.googleapis.com/v1beta1/projects/carparking-f65bf/adminSdkConfig [none]
[debug] [2026-08-16T13:34:52.532Z] <<< [apiv2][status] GET https://firebase.googleapis.com/v1beta1/projects/carparking-f65bf/adminSdkConfig 200
[debug] [2026-08-16T13:34:52.532Z] <<< [apiv2][body] GET https://firebase.googleapis.com/v1beta1/projects/carparking-f65bf/adminSdkConfig {"projectId":"carparking-f65bf","storageBucket":"carparking-f65bf.firebasestorage.app"}
[debug] [2026-08-16T13:34:52.542Z] Validating nodejs source
[warn] !  functions: package.json indicates an outdated version of firebase-functions. Please upgrade using npm install --save firebase-functions@latest in your functions directory. 
[debug] [2026-08-16T13:34:53.973Z] > [functions] package.json contents: {
  "name": "functions",
  "description": "Cloud Functions for Firebase",
  "scripts": {
    "lint": "echo Skipping lint",
    "serve": "firebase emulators:start --only functions",
    "shell": "firebase functions:shell",
    "start": "npm run shell",
    "deploy": "firebase deploy --only functions",
    "logs": "firebase functions:log"
  },
  "engines": {
    "node": "24"
  },
  "main": "index.js",
  "dependencies": {
    "firebase-admin": "^13.6.0",
    "firebase-functions": "^7.2.5"
  },
  "devDependencies": {
    "eslint": "^8.15.0",
    "eslint-config-google": "^0.14.0",
    "firebase-functions-test": "^3.4.1"
  },
  "private": true
}
[debug] [2026-08-16T13:34:53.974Z] Building nodejs source
[info] i  functions: Loading and analyzing source code for codebase default to determine what to deploy 
[debug] [2026-08-16T13:34:53.978Z] Could not find functions.yaml. Must use http discovery
[debug] [2026-08-16T13:34:54.006Z] Found firebase-functions binary at 'C:\Users\D\Desktop\carparking\functions\node_modules\.bin\firebase-functions'
[info] Serving at port 8780

[debug] [2026-08-16T13:34:54.570Z] Got response from /__/functions.yaml {"endpoints":{"autoCompleteBookings":{"availableMemoryMb":null,"timeoutSeconds":null,"minInstances":null,"maxInstances":null,"ingressSettings":null,"concurrency":null,"serviceAccountEmail":null,"vpc":null,"platform":"gcfv2","labels":{},"scheduleTrigger":{"schedule":"every 1 hours","retryConfig":{"retryCount":null,"maxDoublings":null,"maxRetrySeconds":null,"minBackoffSeconds":null,"maxBackoffSeconds":null},"timeZone":null},"entryPoint":"autoCompleteBookings"}},"specVersion":"v1alpha1","requiredAPIs":[{"api":"cloudscheduler.googleapis.com","reason":"Needed for scheduled functions."}],"extensions":{}}
[debug] [2026-08-16T13:34:58.645Z] Checked if tokens are valid: true, expires at: 1786889618107
[debug] [2026-08-16T13:34:58.645Z] Checked if tokens are valid: true, expires at: 1786889618107
[debug] [2026-08-16T13:34:58.646Z] >>> [apiv2][query] GET https://cloudfunctions.googleapis.com/v1/projects/carparking-f65bf/locations/-/functions [none]
[debug] [2026-08-16T13:34:59.700Z] <<< [apiv2][status] GET https://cloudfunctions.googleapis.com/v1/projects/carparking-f65bf/locations/-/functions 200
[debug] [2026-08-16T13:34:59.700Z] <<< [apiv2][body] GET https://cloudfunctions.googleapis.com/v1/projects/carparking-f65bf/locations/-/functions {}
[debug] [2026-08-16T13:34:59.703Z] Checked if tokens are valid: true, expires at: 1786889618107
[debug] [2026-08-16T13:34:59.704Z] Checked if tokens are valid: true, expires at: 1786889618107
[debug] [2026-08-16T13:34:59.704Z] >>> [apiv2][query] GET https://cloudfunctions.googleapis.com/v2/projects/carparking-f65bf/locations/-/functions filter=environment%3D%22GEN_2%22
[debug] [2026-08-16T13:35:01.375Z] <<< [apiv2][status] GET https://cloudfunctions.googleapis.com/v2/projects/carparking-f65bf/locations/-/functions 200
[debug] [2026-08-16T13:35:01.375Z] <<< [apiv2][body] GET https://cloudfunctions.googleapis.com/v2/projects/carparking-f65bf/locations/-/functions {"functions":[{"name":"projects/carparking-f65bf/locations/us-central1/functions/autoCompleteBookings","buildConfig":{"build":"projects/124435045479/locations/us-central1/builds/6fc5cebe-4954-4276-b0a0-787b082fb835","runtime":"nodejs24","entryPoint":"autoCompleteBookings","source":{"storageSource":{"bucket":"gcf-v2-sources-124435045479-us-central1","object":"autoCompleteBookings/function-source.zip","generation":"1783954846234544"}},"environmentVariables":{"GOOGLE_NODE_RUN_SCRIPTS":""},"dockerRepository":"projects/carparking-f65bf/locations/us-central1/repositories/gcf-artifacts","sourceProvenance":{"resolvedStorageSource":{"bucket":"gcf-v2-sources-124435045479-us-central1","object":"autoCompleteBookings/function-source.zip","generation":"1783954846234544"}},"dockerRegistry":"ARTIFACT_REGISTRY","serviceAccount":"projects/carparking-f65bf/serviceAccounts/124435045479-compute@developer.gserviceaccount.com","automaticUpdatePolicy":{}},"serviceConfig":{"service":"projects/carparking-f65bf/locations/us-central1/services/autocompletebookings","timeoutSeconds":60,"environmentVariables":{"FIREBASE_CONFIG":"{\"projectId\":\"carparking-f65bf\",\"storageBucket\":\"carparking-f65bf.firebasestorage.app\"}","GCLOUD_PROJECT":"carparking-f65bf","EVENTARC_CLOUD_EVENT_SOURCE":"projects/carparking-f65bf/locations/us-central1/services/autoCompleteBookings","FUNCTION_TARGET":"autoCompleteBookings","LOG_EXECUTION_ID":"true"},"maxInstanceCount":20,"ingressSettings":"ALLOW_ALL","uri":"https://autocompletebookings-dlaa5evfda-uc.a.run.app","serviceAccountEmail":"124435045479-compute@developer.gserviceaccount.com","availableMemory":"256Mi","allTrafficOnLatestRevision":true,"revision":"autocompletebookings-00004-sun","maxInstanceRequestConcurrency":80,"availableCpu":"1"},"state":"ACTIVE","updateTime":"2026-07-13T15:01:44.472274399Z","labels":{"deployment-tool":"cli-firebase","deployment-scheduled":"true","firebase-functions-hash":"2b04a63a4ec9edb686ce487fb271cbe985db3224"},"environment":"GEN_2","url":"https://us-central1-carparking-f65bf.cloudfunctions.net/autoCompleteBookings","createTime":"2026-07-03T10:13:04.381615495Z","satisfiesPzi":true}]}
[info] i  extensions: ensuring required API firebaseextensions.googleapis.com is enabled... 
[debug] [2026-08-16T13:35:01.384Z] > command requires scopes: ["email","openid","https://www.googleapis.com/auth/cloudplatformprojects.readonly","https://www.googleapis.com/auth/firebase","https://www.googleapis.com/auth/cloud-platform"]
[debug] [2026-08-16T13:35:01.384Z] > authorizing via signed-in user (carparkingbangalore@gmail.com)
[debug] [2026-08-16T13:35:01.384Z] [iam] checking project carparking-f65bf for permissions ["firebase.projects.get","firebaseextensions.instances.list"]
[debug] [2026-08-16T13:35:01.385Z] Checked if tokens are valid: true, expires at: 1786889618107
[debug] [2026-08-16T13:35:01.385Z] Checked if tokens are valid: true, expires at: 1786889618107
[debug] [2026-08-16T13:35:01.385Z] >>> [apiv2][query] POST https://cloudresourcemanager.googleapis.com/v1/projects/carparking-f65bf:testIamPermissions [none]
[debug] [2026-08-16T13:35:01.385Z] >>> [apiv2][(partial)header] POST https://cloudresourcemanager.googleapis.com/v1/projects/carparking-f65bf:testIamPermissions  x-goog-user-project=carparking-f65bf
[debug] [2026-08-16T13:35:01.385Z] >>> [apiv2][body] POST https://cloudresourcemanager.googleapis.com/v1/projects/carparking-f65bf:testIamPermissions {"permissions":["firebase.projects.get","firebaseextensions.instances.list"]}
[debug] [2026-08-16T13:35:02.772Z] <<< [apiv2][status] POST https://cloudresourcemanager.googleapis.com/v1/projects/carparking-f65bf:testIamPermissions 200
[debug] [2026-08-16T13:35:02.772Z] <<< [apiv2][body] POST https://cloudresourcemanager.googleapis.com/v1/projects/carparking-f65bf:testIamPermissions {"permissions":["firebase.projects.get","firebaseextensions.instances.list"]}
[debug] [2026-08-16T13:35:02.773Z] Checked if tokens are valid: true, expires at: 1786889618107
[debug] [2026-08-16T13:35:02.773Z] Checked if tokens are valid: true, expires at: 1786889618107
[debug] [2026-08-16T13:35:02.774Z] >>> [apiv2][query] GET https://firebaseextensions.googleapis.com/v1beta/projects/carparking-f65bf/instances pageSize=100&pageToken=
[debug] [2026-08-16T13:35:04.454Z] <<< [apiv2][status] GET https://firebaseextensions.googleapis.com/v1beta/projects/carparking-f65bf/instances 200
[debug] [2026-08-16T13:35:04.454Z] <<< [apiv2][body] GET https://firebaseextensions.googleapis.com/v1beta/projects/carparking-f65bf/instances {}
[info] i  functions: preparing functions directory for uploading... 
[info] i  functions: packaged C:\Users\D\Desktop\carparking\functions (80.48 KB) for uploading 
[info] i  functions: ensuring required API cloudscheduler.googleapis.com is enabled... 
[info] i  functions: ensuring required API run.googleapis.com is enabled... 
[info] i  functions: ensuring required API eventarc.googleapis.com is enabled... 
[info] i  functions: ensuring required API pubsub.googleapis.com is enabled... 
[info] i  functions: ensuring required API storage.googleapis.com is enabled... 
[info] i  functions: generating the service identity for pubsub.googleapis.com... 
[debug] [2026-08-16T13:35:04.637Z] Checked if tokens are valid: true, expires at: 1786889618107
[debug] [2026-08-16T13:35:04.638Z] Checked if tokens are valid: true, expires at: 1786889618107
[info] i  functions: generating the service identity for eventarc.googleapis.com... 
[debug] [2026-08-16T13:35:04.641Z] Checked if tokens are valid: true, expires at: 1786889618107
[debug] [2026-08-16T13:35:04.642Z] Checked if tokens are valid: true, expires at: 1786889618107
[debug] [2026-08-16T13:35:04.643Z] >>> [apiv2][query] POST https://serviceusage.googleapis.com/v1beta1/projects/124435045479/services/pubsub.googleapis.com:generateServiceIdentity [none]
[debug] [2026-08-16T13:35:04.643Z] >>> [apiv2][(partial)header] POST https://serviceusage.googleapis.com/v1beta1/projects/124435045479/services/pubsub.googleapis.com:generateServiceIdentity  x-goog-user-project=124435045479
[debug] [2026-08-16T13:35:04.643Z] >>> [apiv2][body] POST https://serviceusage.googleapis.com/v1beta1/projects/124435045479/services/pubsub.googleapis.com:generateServiceIdentity {}
[debug] [2026-08-16T13:35:04.648Z] >>> [apiv2][query] POST https://serviceusage.googleapis.com/v1beta1/projects/124435045479/services/eventarc.googleapis.com:generateServiceIdentity [none]
[debug] [2026-08-16T13:35:04.648Z] >>> [apiv2][(partial)header] POST https://serviceusage.googleapis.com/v1beta1/projects/124435045479/services/eventarc.googleapis.com:generateServiceIdentity  x-goog-user-project=124435045479
[debug] [2026-08-16T13:35:04.649Z] >>> [apiv2][body] POST https://serviceusage.googleapis.com/v1beta1/projects/124435045479/services/eventarc.googleapis.com:generateServiceIdentity {}
[debug] [2026-08-16T13:35:06.593Z] <<< [apiv2][status] POST https://serviceusage.googleapis.com/v1beta1/projects/124435045479/services/eventarc.googleapis.com:generateServiceIdentity 200
[debug] [2026-08-16T13:35:06.593Z] <<< [apiv2][body] POST https://serviceusage.googleapis.com/v1beta1/projects/124435045479/services/eventarc.googleapis.com:generateServiceIdentity {"name":"operations/finished.DONE_OPERATION","done":true,"response":{"@type":"type.googleapis.com/google.api.serviceusage.v1beta1.ServiceIdentity","email":"service-124435045479@gcp-sa-eventarc.iam.gserviceaccount.com","uniqueId":"106523566265206115814"}}
[debug] [2026-08-16T13:35:06.683Z] <<< [apiv2][status] POST https://serviceusage.googleapis.com/v1beta1/projects/124435045479/services/pubsub.googleapis.com:generateServiceIdentity 200
[debug] [2026-08-16T13:35:06.684Z] <<< [apiv2][body] POST https://serviceusage.googleapis.com/v1beta1/projects/124435045479/services/pubsub.googleapis.com:generateServiceIdentity {"name":"operations/finished.DONE_OPERATION","done":true,"response":{"@type":"type.googleapis.com/google.api.serviceusage.v1beta1.ServiceIdentity","email":"service-124435045479@gcp-sa-pubsub.iam.gserviceaccount.com","uniqueId":"109399993666692829737"}}
[debug] [2026-08-16T13:35:06.690Z] Checked if tokens are valid: true, expires at: 1786889618107
[debug] [2026-08-16T13:35:06.690Z] Checked if tokens are valid: true, expires at: 1786889618107
[debug] [2026-08-16T13:35:06.691Z] >>> [apiv2][query] GET https://cloudresourcemanager.googleapis.com/v1/projects/carparking-f65bf [none]
[debug] [2026-08-16T13:35:07.071Z] <<< [apiv2][status] GET https://cloudresourcemanager.googleapis.com/v1/projects/carparking-f65bf 200
[debug] [2026-08-16T13:35:07.071Z] <<< [apiv2][body] GET https://cloudresourcemanager.googleapis.com/v1/projects/carparking-f65bf {"projectNumber":"124435045479","projectId":"carparking-f65bf","lifecycleState":"ACTIVE","name":"carparking","labels":{"firebase":"enabled","firebase-core":"disabled"},"createTime":"2026-05-25T10:44:54.824Z"}
[debug] [2026-08-16T13:35:07.072Z] Checked if tokens are valid: true, expires at: 1786889618107
[debug] [2026-08-16T13:35:07.072Z] Checked if tokens are valid: true, expires at: 1786889618107
[debug] [2026-08-16T13:35:07.072Z] >>> [apiv2][query] GET https://compute.googleapis.com/compute/v1/projects/124435045479 [none]
[debug] [2026-08-16T13:35:07.734Z] <<< [apiv2][status] GET https://compute.googleapis.com/compute/v1/projects/124435045479 403
[debug] [2026-08-16T13:35:07.734Z] <<< [apiv2][body] GET https://compute.googleapis.com/compute/v1/projects/124435045479 {"error":{"code":403,"message":"Compute Engine API has not been used in project 124435045479 before or it is disabled. Enable it by visiting https://console.developers.google.com/apis/api/compute.googleapis.com/overview?project=124435045479 then retry. If you enabled this API recently, wait a few minutes for the action to propagate to our systems and retry.","errors":[{"message":"Compute Engine API has not been used in project 124435045479 before or it is disabled. Enable it by visiting https://console.developers.google.com/apis/api/compute.googleapis.com/overview?project=124435045479 then retry. If you enabled this API recently, wait a few minutes for the action to propagate to our systems and retry.","domain":"usageLimits","reason":"accessNotConfigured","extendedHelp":"https://console.developers.google.com"}],"status":"PERMISSION_DENIED","details":[{"@type":"type.googleapis.com/google.rpc.ErrorInfo","reason":"SERVICE_DISABLED","domain":"googleapis.com","metadata":{"consumer":"projects/124435045479","service":"compute.googleapis.com","activationUrl":"https://console.developers.google.com/apis/api/compute.googleapis.com/overview?project=124435045479","serviceTitle":"Compute Engine API","containerInfo":"124435045479"}},{"@type":"type.googleapis.com/google.rpc.LocalizedMessage","locale":"en-US","message":"Compute Engine API has not been used in project 124435045479 before or it is disabled. Enable it by visiting https://console.developers.google.com/apis/api/compute.googleapis.com/overview?project=124435045479 then retry. If you enabled this API recently, wait a few minutes for the action to propagate to our systems and retry."},{"@type":"type.googleapis.com/google.rpc.Help","links":[{"description":"Google developers console API activation","url":"https://console.developers.google.com/apis/api/compute.googleapis.com/overview?project=124435045479"}]}]}}
[debug] [2026-08-16T13:35:07.736Z] unable to look up default compute service account. Falling back to 124435045479-compute@developer.gserviceaccount.com. Error: {"name":"FirebaseError","children":[],"context":{"body":{"error":{"code":403,"message":"Compute Engine API has not been used in project 124435045479 before or it is disabled. Enable it by visiting https://console.developers.google.com/apis/api/compute.googleapis.com/overview?project=124435045479 then retry. If you enabled this API recently, wait a few minutes for the action to propagate to our systems and retry.","errors":[{"message":"Compute Engine API has not been used in project 124435045479 before or it is disabled. Enable it by visiting https://console.developers.google.com/apis/api/compute.googleapis.com/overview?project=124435045479 then retry. If you enabled this API recently, wait a few minutes for the action to propagate to our systems and retry.","domain":"usageLimits","reason":"accessNotConfigured","extendedHelp":"https://console.developers.google.com"}],"status":"PERMISSION_DENIED","details":[{"@type":"type.googleapis.com/google.rpc.ErrorInfo","reason":"SERVICE_DISABLED","domain":"googleapis.com","metadata":{"consumer":"projects/124435045479","service":"compute.googleapis.com","activationUrl":"https://console.developers.google.com/apis/api/compute.googleapis.com/overview?project=124435045479","serviceTitle":"Compute Engine API","containerInfo":"124435045479"}},{"@type":"type.googleapis.com/google.rpc.LocalizedMessage","locale":"en-US","message":"Compute Engine API has not been used in project 124435045479 before or it is disabled. Enable it by visiting https://console.developers.google.com/apis/api/compute.googleapis.com/overview?project=124435045479 then retry. If you enabled this API recently, wait a few minutes for the action to propagate to our systems and retry."},{"@type":"type.googleapis.com/google.rpc.Help","links":[{"description":"Google developers console API activation","url":"https://console.developers.google.com/apis/api/compute.googleapis.com/overview?project=124435045479"}]}]}},"response":{"statusCode":403}},"exit":1,"message":"Request to https://compute.googleapis.com/compute/v1/projects/124435045479 had HTTP Error: 403, Compute Engine API has not been used in project 124435045479 before or it is disabled. Enable it by visiting https://console.developers.google.com/apis/api/compute.googleapis.com/overview?project=124435045479 then retry. If you enabled this API recently, wait a few minutes for the action to propagate to our systems and retry.","status":403}
[debug] [2026-08-16T13:35:07.741Z] Checked if tokens are valid: true, expires at: 1786889618107
[debug] [2026-08-16T13:35:07.741Z] Checked if tokens are valid: true, expires at: 1786889618107
[debug] [2026-08-16T13:35:07.742Z] >>> [apiv2][query] GET https://cloudbilling.googleapis.com/v1/projects/carparking-f65bf/billingInfo [none]
[debug] [2026-08-16T13:35:07.742Z] >>> [apiv2][(partial)header] GET https://cloudbilling.googleapis.com/v1/projects/carparking-f65bf/billingInfo  x-goog-user-project=carparking-f65bf
[debug] [2026-08-16T13:35:09.218Z] <<< [apiv2][status] GET https://cloudbilling.googleapis.com/v1/projects/carparking-f65bf/billingInfo 200
[debug] [2026-08-16T13:35:09.219Z] <<< [apiv2][body] GET https://cloudbilling.googleapis.com/v1/projects/carparking-f65bf/billingInfo {"name":"projects/carparking-f65bf/billingInfo","projectId":"carparking-f65bf","billingAccountName":"billingAccounts/01AECE-ADDE3E-A5E02E","billingEnabled":true}
[debug] [2026-08-16T13:35:09.221Z] Checked if tokens are valid: true, expires at: 1786889618107
[debug] [2026-08-16T13:35:09.222Z] Checked if tokens are valid: true, expires at: 1786889618107
[debug] [2026-08-16T13:35:09.222Z] >>> [apiv2][query] POST https://cloudfunctions.googleapis.com/v2/projects/carparking-f65bf/locations/us-central1/functions:generateUploadUrl [none]
[debug] [2026-08-16T13:35:10.803Z] <<< [apiv2][status] POST https://cloudfunctions.googleapis.com/v2/projects/carparking-f65bf/locations/us-central1/functions:generateUploadUrl 200
[debug] [2026-08-16T13:35:10.803Z] <<< [apiv2][body] POST https://cloudfunctions.googleapis.com/v2/projects/carparking-f65bf/locations/us-central1/functions:generateUploadUrl {"uploadUrl":"https://storage.googleapis.com/gcf-v2-uploads-124435045479.us-central1.cloudfunctions.appspot.com/a2420fc8-ccfd-4887-8978-82d5b96fcb89.zip?GoogleAccessId=service-124435045479@gcf-admin-robot.iam.gserviceaccount.com&Expires=1786889109&Signature=HgYqYrVHvt9k8NpoQxJuJyehVc7wxFA2mx2M1WLDr%2F2dSMA6q5GctKAEdPuwU3P%2BDLydoBdpVtkPzbQPjx5VkuShvScYLjGULqY5OYS7AJx0HAhRAq9wt1LGQ2ZAwkh1mVk0oHCeWFKRGNR76wiWGsY7L5HPKE2nPuVSU9l4dNpohDFJp5%2FQ7%2BgAUcstDQW6sTw8uBeq2MN2ExpKXHIi2e0CvwSCf0j5dm1gxcKRsB2QsIILANSi6Hn9MQtsWnFdSDRq8k7v6Bcx5JQc2YxMUJiWd0Po5Yzu4on6OXWHidoWbwajqpLCBUq8zP6g2kLG5SmTF91zZb2fBl9OTziZmg%3D%3D","storageSource":{"bucket":"gcf-v2-uploads-124435045479.us-central1.cloudfunctions.appspot.com","object":"a2420fc8-ccfd-4887-8978-82d5b96fcb89.zip"}}
[debug] [2026-08-16T13:35:10.805Z] >>> [apiv2][query] PUT https://storage.googleapis.com/gcf-v2-uploads-124435045479.us-central1.cloudfunctions.appspot.com/a2420fc8-ccfd-4887-8978-82d5b96fcb89.zip GoogleAccessId=service-124435045479%40gcf-admin-robot.iam.gserviceaccount.com&Expires=1786889109&Signature=HgYqYrVHvt9k8NpoQxJuJyehVc7wxFA2mx2M1WLDr%2F2dSMA6q5GctKAEdPuwU3P%2BDLydoBdpVtkPzbQPjx5VkuShvScYLjGULqY5OYS7AJx0HAhRAq9wt1LGQ2ZAwkh1mVk0oHCeWFKRGNR76wiWGsY7L5HPKE2nPuVSU9l4dNpohDFJp5%2FQ7%2BgAUcstDQW6sTw8uBeq2MN2ExpKXHIi2e0CvwSCf0j5dm1gxcKRsB2QsIILANSi6Hn9MQtsWnFdSDRq8k7v6Bcx5JQc2YxMUJiWd0Po5Yzu4on6OXWHidoWbwajqpLCBUq8zP6g2kLG5SmTF91zZb2fBl9OTziZmg%3D%3D
[debug] [2026-08-16T13:35:10.805Z] >>> [apiv2][body] PUT https://storage.googleapis.com/gcf-v2-uploads-124435045479.us-central1.cloudfunctions.appspot.com/a2420fc8-ccfd-4887-8978-82d5b96fcb89.zip [stream]
[debug] [2026-08-16T13:35:12.201Z] <<< [apiv2][status] PUT https://storage.googleapis.com/gcf-v2-uploads-124435045479.us-central1.cloudfunctions.appspot.com/a2420fc8-ccfd-4887-8978-82d5b96fcb89.zip 200
[debug] [2026-08-16T13:35:12.201Z] <<< [apiv2][body] PUT https://storage.googleapis.com/gcf-v2-uploads-124435045479.us-central1.cloudfunctions.appspot.com/a2420fc8-ccfd-4887-8978-82d5b96fcb89.zip [omitted]
[info] +  functions: functions source uploaded successfully 
[info] i  functions: updating Node.js 24 (2nd Gen) function autoCompleteBookings(us-central1)... 
[debug] [2026-08-16T13:35:12.219Z] Checked if tokens are valid: true, expires at: 1786889618107
[debug] [2026-08-16T13:35:12.220Z] Checked if tokens are valid: true, expires at: 1786889618107
[debug] [2026-08-16T13:35:12.220Z] >>> [apiv2][query] PATCH https://cloudfunctions.googleapis.com/v2/projects/carparking-f65bf/locations/us-central1/functions/autoCompleteBookings updateMask=name%2CbuildConfig.runtime%2CbuildConfig.entryPoint%2CbuildConfig.source.storageSource.bucket%2CbuildConfig.source.storageSource.object%2CbuildConfig.environmentVariables%2CbuildConfig.sourceToken%2CserviceConfig.environmentVariables%2CserviceConfig.ingressSettings%2CserviceConfig.timeoutSeconds%2CserviceConfig.serviceAccountEmail%2CserviceConfig.availableMemory%2CserviceConfig.minInstanceCount%2CserviceConfig.maxInstanceCount%2CserviceConfig.maxInstanceRequestConcurrency%2CserviceConfig.availableCpu%2CserviceConfig.vpcConnector%2CserviceConfig.vpcConnectorEgressSettings%2CserviceConfig.directVpcNetworkInterface%2CserviceConfig.directVpcEgress%2Clabels
[debug] [2026-08-16T13:35:12.221Z] >>> [apiv2][body] PATCH https://cloudfunctions.googleapis.com/v2/projects/carparking-f65bf/locations/us-central1/functions/autoCompleteBookings {"name":"projects/carparking-f65bf/locations/us-central1/functions/autoCompleteBookings","buildConfig":{"runtime":"nodejs24","entryPoint":"autoCompleteBookings","source":{"storageSource":{"bucket":"gcf-v2-uploads-124435045479.us-central1.cloudfunctions.appspot.com","object":"a2420fc8-ccfd-4887-8978-82d5b96fcb89.zip"}},"environmentVariables":{"GOOGLE_NODE_RUN_SCRIPTS":""}},"serviceConfig":{"environmentVariables":{"FIREBASE_CONFIG":"{\"projectId\":\"carparking-f65bf\",\"storageBucket\":\"carparking-f65bf.firebasestorage.app\"}","GCLOUD_PROJECT":"carparking-f65bf","EVENTARC_CLOUD_EVENT_SOURCE":"projects/carparking-f65bf/locations/us-central1/services/autoCompleteBookings","FUNCTION_TARGET":"autoCompleteBookings","LOG_EXECUTION_ID":"true"},"ingressSettings":null,"timeoutSeconds":null,"serviceAccountEmail":null,"availableMemory":"256Mi","minInstanceCount":null,"maxInstanceCount":null,"maxInstanceRequestConcurrency":80,"availableCpu":"1","vpcConnector":null,"vpcConnectorEgressSettings":null,"directVpcNetworkInterface":null,"directVpcEgress":null},"labels":{"deployment-tool":"cli-firebase","deployment-scheduled":"true","firebase-functions-hash":"7c8d67c0e01f0cd990307aecb9f4b0668194b225"}}
[debug] [2026-08-16T13:35:14.750Z] <<< [apiv2][status] PATCH https://cloudfunctions.googleapis.com/v2/projects/carparking-f65bf/locations/us-central1/functions/autoCompleteBookings 200
[debug] [2026-08-16T13:35:14.750Z] <<< [apiv2][body] PATCH https://cloudfunctions.googleapis.com/v2/projects/carparking-f65bf/locations/us-central1/functions/autoCompleteBookings {"name":"projects/carparking-f65bf/locations/us-central1/operations/operation-1786887312710-6592a1f871b9a-278810db-28bb71f1","metadata":{"@type":"type.googleapis.com/google.cloud.functions.v2.OperationMetadata","createTime":"2026-08-16T13:35:13.749324156Z","target":"projects/carparking-f65bf/locations/us-central1/functions/autoCompleteBookings","verb":"update","cancelRequested":false,"apiVersion":"v2"},"done":false}
[debug] [2026-08-16T13:35:14.751Z] Checked if tokens are valid: true, expires at: 1786889618107
[debug] [2026-08-16T13:35:14.751Z] Checked if tokens are valid: true, expires at: 1786889618107
[debug] [2026-08-16T13:35:14.752Z] >>> [apiv2][query] GET https://cloudfunctions.googleapis.com/v2/projects/carparking-f65bf/locations/us-central1/operations/operation-1786887312710-6592a1f871b9a-278810db-28bb71f1 [none]
[debug] [2026-08-16T13:35:16.185Z] <<< [apiv2][status] GET https://cloudfunctions.googleapis.com/v2/projects/carparking-f65bf/locations/us-central1/operations/operation-1786887312710-6592a1f871b9a-278810db-28bb71f1 200
[debug] [2026-08-16T13:35:16.185Z] <<< [apiv2][body] GET https://cloudfunctions.googleapis.com/v2/projects/carparking-f65bf/locations/us-central1/operations/operation-1786887312710-6592a1f871b9a-278810db-28bb71f1 {"name":"projects/carparking-f65bf/locations/us-central1/operations/operation-1786887312710-6592a1f871b9a-278810db-28bb71f1","metadata":{"@type":"type.googleapis.com/google.cloud.functions.v2.OperationMetadata","createTime":"2026-08-16T13:35:13.749324156Z","target":"projects/carparking-f65bf/locations/us-central1/functions/autoCompleteBookings","verb":"update","cancelRequested":false,"apiVersion":"v2","requestResource":{"@type":"type.googleapis.com/google.cloud.functions.v2.Function","name":"projects/carparking-f65bf/locations/us-central1/functions/autoCompleteBookings","buildConfig":{"runtime":"nodejs24","entryPoint":"autoCompleteBookings","source":{"storageSource":{"bucket":"gcf-v2-sources-124435045479-us-central1","object":"autoCompleteBookings/function-source.zip","generation":"1786887313691687"}},"environmentVariables":{"GOOGLE_NODE_RUN_SCRIPTS":""},"dockerRepository":"projects/carparking-f65bf/locations/us-central1/repositories/gcf-artifacts","sourceProvenance":{"resolvedStorageSource":{"bucket":"gcf-v2-sources-124435045479-us-central1","object":"autoCompleteBookings/function-source.zip","generation":"1783954846234544"}},"dockerRegistry":"ARTIFACT_REGISTRY","serviceAccount":"projects/carparking-f65bf/serviceAccounts/124435045479-compute@developer.gserviceaccount.com","automaticUpdatePolicy":{}},"serviceConfig":{"service":"projects/carparking-f65bf/locations/us-central1/services/autocompletebookings","timeoutSeconds":60,"environmentVariables":{"FIREBASE_CONFIG":"{\"projectId\":\"carparking-f65bf\",\"storageBucket\":\"carparking-f65bf.firebasestorage.app\"}","GCLOUD_PROJECT":"carparking-f65bf","EVENTARC_CLOUD_EVENT_SOURCE":"projects/carparking-f65bf/locations/us-central1/services/autoCompleteBookings","FUNCTION_TARGET":"autoCompleteBookings","LOG_EXECUTION_ID":"true"},"ingressSettings":"ALLOW_ALL","uri":"https://autocompletebookings-dlaa5evfda-uc.a.run.app","serviceAccountEmail":"124435045479-compute@developer.gserviceaccount.com","availableMemory":"256Mi","allTrafficOnLatestRevision":true,"revision":"autocompletebookings-00004-sun","maxInstanceRequestConcurrency":80,"availableCpu":"1"},"state":"ACTIVE","labels":{"deployment-tool":"cli-firebase","deployment-scheduled":"true","firebase-functions-hash":"7c8d67c0e01f0cd990307aecb9f4b0668194b225"},"environment":"GEN_2","url":"https://us-central1-carparking-f65bf.cloudfunctions.net/autoCompleteBookings","satisfiesPzi":true},"stages":[{"name":"BUILD","message":"Build in progress","state":"IN_PROGRESS","resource":"projects/124435045479/locations/us-central1/builds/b9f4ccfb-9288-4b9c-9fe6-e260fe25fab0","resourceUri":"https://console.cloud.google.com/cloud-build/builds;region=us-central1/b9f4ccfb-9288-4b9c-9fe6-e260fe25fab0?project=124435045479"},{"name":"SERVICE","state":"NOT_STARTED"}],"operationType":"UPDATE_FUNCTION","buildName":"projects/124435045479/locations/us-central1/builds/b9f4ccfb-9288-4b9c-9fe6-e260fe25fab0"},"done":false}
[debug] [2026-08-16T13:35:16.695Z] [update-default-us-central1-autoCompleteBookings] Retrying task index 0
[debug] [2026-08-16T13:35:16.697Z] Checked if tokens are valid: true, expires at: 1786889618107
[debug] [2026-08-16T13:35:16.697Z] Checked if tokens are valid: true, expires at: 1786889618107
[debug] [2026-08-16T13:35:16.697Z] >>> [apiv2][query] GET https://cloudfunctions.googleapis.com/v2/projects/carparking-f65bf/locations/us-central1/operations/operation-1786887312710-6592a1f871b9a-278810db-28bb71f1 [none]
[debug] [2026-08-16T13:35:19.143Z] <<< [apiv2][status] GET https://cloudfunctions.googleapis.com/v2/projects/carparking-f65bf/locations/us-central1/operations/operation-1786887312710-6592a1f871b9a-278810db-28bb71f1 200
[debug] [2026-08-16T13:35:19.143Z] <<< [apiv2][body] GET https://cloudfunctions.googleapis.com/v2/projects/carparking-f65bf/locations/us-central1/operations/operation-1786887312710-6592a1f871b9a-278810db-28bb71f1 {"name":"projects/carparking-f65bf/locations/us-central1/operations/operation-1786887312710-6592a1f871b9a-278810db-28bb71f1","metadata":{"@type":"type.googleapis.com/google.cloud.functions.v2.OperationMetadata","createTime":"2026-08-16T13:35:13.749324156Z","target":"projects/carparking-f65bf/locations/us-central1/functions/autoCompleteBookings","verb":"update","cancelRequested":false,"apiVersion":"v2","requestResource":{"@type":"type.googleapis.com/google.cloud.functions.v2.Function","name":"projects/carparking-f65bf/locations/us-central1/functions/autoCompleteBookings","buildConfig":{"runtime":"nodejs24","entryPoint":"autoCompleteBookings","source":{"storageSource":{"bucket":"gcf-v2-sources-124435045479-us-central1","object":"autoCompleteBookings/function-source.zip","generation":"1786887313691687"}},"environmentVariables":{"GOOGLE_NODE_RUN_SCRIPTS":""},"dockerRepository":"projects/carparking-f65bf/locations/us-central1/repositories/gcf-artifacts","sourceProvenance":{"resolvedStorageSource":{"bucket":"gcf-v2-sources-124435045479-us-central1","object":"autoCompleteBookings/function-source.zip","generation":"1783954846234544"}},"dockerRegistry":"ARTIFACT_REGISTRY","serviceAccount":"projects/carparking-f65bf/serviceAccounts/124435045479-compute@developer.gserviceaccount.com","automaticUpdatePolicy":{}},"serviceConfig":{"service":"projects/carparking-f65bf/locations/us-central1/services/autocompletebookings","timeoutSeconds":60,"environmentVariables":{"FIREBASE_CONFIG":"{\"projectId\":\"carparking-f65bf\",\"storageBucket\":\"carparking-f65bf.firebasestorage.app\"}","GCLOUD_PROJECT":"carparking-f65bf","EVENTARC_CLOUD_EVENT_SOURCE":"projects/carparking-f65bf/locations/us-central1/services/autoCompleteBookings","FUNCTION_TARGET":"autoCompleteBookings","LOG_EXECUTION_ID":"true"},"ingressSettings":"ALLOW_ALL","uri":"https://autocompletebookings-dlaa5evfda-uc.a.run.app","serviceAccountEmail":"124435045479-compute@developer.gserviceaccount.com","availableMemory":"256Mi","allTrafficOnLatestRevision":true,"revision":"autocompletebookings-00004-sun","maxInstanceRequestConcurrency":80,"availableCpu":"1"},"state":"ACTIVE","labels":{"deployment-tool":"cli-firebase","deployment-scheduled":"true","firebase-functions-hash":"7c8d67c0e01f0cd990307aecb9f4b0668194b225"},"environment":"GEN_2","url":"https://us-central1-carparking-f65bf.cloudfunctions.net/autoCompleteBookings","satisfiesPzi":true},"stages":[{"name":"BUILD","message":"Build in progress","state":"IN_PROGRESS","resource":"projects/124435045479/locations/us-central1/builds/b9f4ccfb-9288-4b9c-9fe6-e260fe25fab0","resourceUri":"https://console.cloud.google.com/cloud-build/builds;region=us-central1/b9f4ccfb-9288-4b9c-9fe6-e260fe25fab0?project=124435045479"},{"name":"SERVICE","state":"NOT_STARTED"}],"operationType":"UPDATE_FUNCTION","buildName":"projects/124435045479/locations/us-central1/builds/b9f4ccfb-9288-4b9c-9fe6-e260fe25fab0"},"done":false}
[debug] [2026-08-16T13:35:20.157Z] [update-default-us-central1-autoCompleteBookings] Retrying task index 0
[debug] [2026-08-16T13:35:20.157Z] Checked if tokens are valid: true, expires at: 1786889618107
[debug] [2026-08-16T13:35:20.158Z] Checked if tokens are valid: true, expires at: 1786889618107
[debug] [2026-08-16T13:35:20.158Z] >>> [apiv2][query] GET https://cloudfunctions.googleapis.com/v2/projects/carparking-f65bf/locations/us-central1/operations/operation-1786887312710-6592a1f871b9a-278810db-28bb71f1 [none]
[debug] [2026-08-16T13:35:21.613Z] <<< [apiv2][status] GET https://cloudfunctions.googleapis.com/v2/projects/carparking-f65bf/locations/us-central1/operations/operation-1786887312710-6592a1f871b9a-278810db-28bb71f1 200
[debug] [2026-08-16T13:35:21.613Z] <<< [apiv2][body] GET https://cloudfunctions.googleapis.com/v2/projects/carparking-f65bf/locations/us-central1/operations/operation-1786887312710-6592a1f871b9a-278810db-28bb71f1 {"name":"projects/carparking-f65bf/locations/us-central1/operations/operation-1786887312710-6592a1f871b9a-278810db-28bb71f1","metadata":{"@type":"type.googleapis.com/google.cloud.functions.v2.OperationMetadata","createTime":"2026-08-16T13:35:13.749324156Z","target":"projects/carparking-f65bf/locations/us-central1/functions/autoCompleteBookings","verb":"update","cancelRequested":false,"apiVersion":"v2","requestResource":{"@type":"type.googleapis.com/google.cloud.functions.v2.Function","name":"projects/carparking-f65bf/locations/us-central1/functions/autoCompleteBookings","buildConfig":{"runtime":"nodejs24","entryPoint":"autoCompleteBookings","source":{"storageSource":{"bucket":"gcf-v2-sources-124435045479-us-central1","object":"autoCompleteBookings/function-source.zip","generation":"1786887313691687"}},"environmentVariables":{"GOOGLE_NODE_RUN_SCRIPTS":""},"dockerRepository":"projects/carparking-f65bf/locations/us-central1/repositories/gcf-artifacts","sourceProvenance":{"resolvedStorageSource":{"bucket":"gcf-v2-sources-124435045479-us-central1","object":"autoCompleteBookings/function-source.zip","generation":"1783954846234544"}},"dockerRegistry":"ARTIFACT_REGISTRY","serviceAccount":"projects/carparking-f65bf/serviceAccounts/124435045479-compute@developer.gserviceaccount.com","automaticUpdatePolicy":{}},"serviceConfig":{"service":"projects/carparking-f65bf/locations/us-central1/services/autocompletebookings","timeoutSeconds":60,"environmentVariables":{"FIREBASE_CONFIG":"{\"projectId\":\"carparking-f65bf\",\"storageBucket\":\"carparking-f65bf.firebasestorage.app\"}","GCLOUD_PROJECT":"carparking-f65bf","EVENTARC_CLOUD_EVENT_SOURCE":"projects/carparking-f65bf/locations/us-central1/services/autoCompleteBookings","FUNCTION_TARGET":"autoCompleteBookings","LOG_EXECUTION_ID":"true"},"ingressSettings":"ALLOW_ALL","uri":"https://autocompletebookings-dlaa5evfda-uc.a.run.app","serviceAccountEmail":"124435045479-compute@developer.gserviceaccount.com","availableMemory":"256Mi","allTrafficOnLatestRevision":true,"revision":"autocompletebookings-00004-sun","maxInstanceRequestConcurrency":80,"availableCpu":"1"},"state":"ACTIVE","labels":{"deployment-tool":"cli-firebase","deployment-scheduled":"true","firebase-functions-hash":"7c8d67c0e01f0cd990307aecb9f4b0668194b225"},"environment":"GEN_2","url":"https://us-central1-carparking-f65bf.cloudfunctions.net/autoCompleteBookings","satisfiesPzi":true},"stages":[{"name":"BUILD","message":"Build in progress","state":"IN_PROGRESS","resource":"projects/124435045479/locations/us-central1/builds/b9f4ccfb-9288-4b9c-9fe6-e260fe25fab0","resourceUri":"https://console.cloud.google.com/cloud-build/builds;region=us-central1/b9f4ccfb-9288-4b9c-9fe6-e260fe25fab0?project=124435045479"},{"name":"SERVICE","state":"NOT_STARTED"}],"operationType":"UPDATE_FUNCTION","buildName":"projects/124435045479/locations/us-central1/builds/b9f4ccfb-9288-4b9c-9fe6-e260fe25fab0"},"done":false}
[debug] [2026-08-16T13:35:23.626Z] [update-default-us-central1-autoCompleteBookings] Retrying task index 0
[debug] [2026-08-16T13:35:23.627Z] Checked if tokens are valid: true, expires at: 1786889618107
[debug] [2026-08-16T13:35:23.627Z] Checked if tokens are valid: true, expires at: 1786889618107
[debug] [2026-08-16T13:35:23.627Z] >>> [apiv2][query] GET https://cloudfunctions.googleapis.com/v2/projects/carparking-f65bf/locations/us-central1/operations/operation-1786887312710-6592a1f871b9a-278810db-28bb71f1 [none]
[debug] [2026-08-16T13:35:25.093Z] <<< [apiv2][status] GET https://cloudfunctions.googleapis.com/v2/projects/carparking-f65bf/locations/us-central1/operations/operation-1786887312710-6592a1f871b9a-278810db-28bb71f1 200
[debug] [2026-08-16T13:35:25.093Z] <<< [apiv2][body] GET https://cloudfunctions.googleapis.com/v2/projects/carparking-f65bf/locations/us-central1/operations/operation-1786887312710-6592a1f871b9a-278810db-28bb71f1 {"name":"projects/carparking-f65bf/locations/us-central1/operations/operation-1786887312710-6592a1f871b9a-278810db-28bb71f1","metadata":{"@type":"type.googleapis.com/google.cloud.functions.v2.OperationMetadata","createTime":"2026-08-16T13:35:13.749324156Z","target":"projects/carparking-f65bf/locations/us-central1/functions/autoCompleteBookings","verb":"update","cancelRequested":false,"apiVersion":"v2","requestResource":{"@type":"type.googleapis.com/google.cloud.functions.v2.Function","name":"projects/carparking-f65bf/locations/us-central1/functions/autoCompleteBookings","buildConfig":{"runtime":"nodejs24","entryPoint":"autoCompleteBookings","source":{"storageSource":{"bucket":"gcf-v2-sources-124435045479-us-central1","object":"autoCompleteBookings/function-source.zip","generation":"1786887313691687"}},"environmentVariables":{"GOOGLE_NODE_RUN_SCRIPTS":""},"dockerRepository":"projects/carparking-f65bf/locations/us-central1/repositories/gcf-artifacts","sourceProvenance":{"resolvedStorageSource":{"bucket":"gcf-v2-sources-124435045479-us-central1","object":"autoCompleteBookings/function-source.zip","generation":"1783954846234544"}},"dockerRegistry":"ARTIFACT_REGISTRY","serviceAccount":"projects/carparking-f65bf/serviceAccounts/124435045479-compute@developer.gserviceaccount.com","automaticUpdatePolicy":{}},"serviceConfig":{"service":"projects/carparking-f65bf/locations/us-central1/services/autocompletebookings","timeoutSeconds":60,"environmentVariables":{"FIREBASE_CONFIG":"{\"projectId\":\"carparking-f65bf\",\"storageBucket\":\"carparking-f65bf.firebasestorage.app\"}","GCLOUD_PROJECT":"carparking-f65bf","EVENTARC_CLOUD_EVENT_SOURCE":"projects/carparking-f65bf/locations/us-central1/services/autoCompleteBookings","FUNCTION_TARGET":"autoCompleteBookings","LOG_EXECUTION_ID":"true"},"ingressSettings":"ALLOW_ALL","uri":"https://autocompletebookings-dlaa5evfda-uc.a.run.app","serviceAccountEmail":"124435045479-compute@developer.gserviceaccount.com","availableMemory":"256Mi","allTrafficOnLatestRevision":true,"revision":"autocompletebookings-00004-sun","maxInstanceRequestConcurrency":80,"availableCpu":"1"},"state":"ACTIVE","labels":{"deployment-tool":"cli-firebase","deployment-scheduled":"true","firebase-functions-hash":"7c8d67c0e01f0cd990307aecb9f4b0668194b225"},"environment":"GEN_2","url":"https://us-central1-carparking-f65bf.cloudfunctions.net/autoCompleteBookings","satisfiesPzi":true},"stages":[{"name":"BUILD","message":"Build in progress","state":"IN_PROGRESS","resource":"projects/124435045479/locations/us-central1/builds/b9f4ccfb-9288-4b9c-9fe6-e260fe25fab0","resourceUri":"https://console.cloud.google.com/cloud-build/builds;region=us-central1/b9f4ccfb-9288-4b9c-9fe6-e260fe25fab0?project=124435045479"},{"name":"SERVICE","state":"NOT_STARTED"}],"operationType":"UPDATE_FUNCTION","buildName":"projects/124435045479/locations/us-central1/builds/b9f4ccfb-9288-4b9c-9fe6-e260fe25fab0"},"done":false}
[debug] [2026-08-16T13:35:29.094Z] [update-default-us-central1-autoCompleteBookings] Retrying task index 0
[debug] [2026-08-16T13:35:29.095Z] Checked if tokens are valid: true, expires at: 1786889618107
[debug] [2026-08-16T13:35:29.095Z] Checked if tokens are valid: true, expires at: 1786889618107
[debug] [2026-08-16T13:35:29.095Z] >>> [apiv2][query] GET https://cloudfunctions.googleapis.com/v2/projects/carparking-f65bf/locations/us-central1/operations/operation-1786887312710-6592a1f871b9a-278810db-28bb71f1 [none]
[debug] [2026-08-16T13:35:30.520Z] <<< [apiv2][status] GET https://cloudfunctions.googleapis.com/v2/projects/carparking-f65bf/locations/us-central1/operations/operation-1786887312710-6592a1f871b9a-278810db-28bb71f1 200
[debug] [2026-08-16T13:35:30.521Z] <<< [apiv2][body] GET https://cloudfunctions.googleapis.com/v2/projects/carparking-f65bf/locations/us-central1/operations/operation-1786887312710-6592a1f871b9a-278810db-28bb71f1 {"name":"projects/carparking-f65bf/locations/us-central1/operations/operation-1786887312710-6592a1f871b9a-278810db-28bb71f1","metadata":{"@type":"type.googleapis.com/google.cloud.functions.v2.OperationMetadata","createTime":"2026-08-16T13:35:13.749324156Z","target":"projects/carparking-f65bf/locations/us-central1/functions/autoCompleteBookings","verb":"update","cancelRequested":false,"apiVersion":"v2","requestResource":{"@type":"type.googleapis.com/google.cloud.functions.v2.Function","name":"projects/carparking-f65bf/locations/us-central1/functions/autoCompleteBookings","buildConfig":{"runtime":"nodejs24","entryPoint":"autoCompleteBookings","source":{"storageSource":{"bucket":"gcf-v2-sources-124435045479-us-central1","object":"autoCompleteBookings/function-source.zip","generation":"1786887313691687"}},"environmentVariables":{"GOOGLE_NODE_RUN_SCRIPTS":""},"dockerRepository":"projects/carparking-f65bf/locations/us-central1/repositories/gcf-artifacts","sourceProvenance":{"resolvedStorageSource":{"bucket":"gcf-v2-sources-124435045479-us-central1","object":"autoCompleteBookings/function-source.zip","generation":"1783954846234544"}},"dockerRegistry":"ARTIFACT_REGISTRY","serviceAccount":"projects/carparking-f65bf/serviceAccounts/124435045479-compute@developer.gserviceaccount.com","automaticUpdatePolicy":{}},"serviceConfig":{"service":"projects/carparking-f65bf/locations/us-central1/services/autocompletebookings","timeoutSeconds":60,"environmentVariables":{"FIREBASE_CONFIG":"{\"projectId\":\"carparking-f65bf\",\"storageBucket\":\"carparking-f65bf.firebasestorage.app\"}","GCLOUD_PROJECT":"carparking-f65bf","EVENTARC_CLOUD_EVENT_SOURCE":"projects/carparking-f65bf/locations/us-central1/services/autoCompleteBookings","FUNCTION_TARGET":"autoCompleteBookings","LOG_EXECUTION_ID":"true"},"ingressSettings":"ALLOW_ALL","uri":"https://autocompletebookings-dlaa5evfda-uc.a.run.app","serviceAccountEmail":"124435045479-compute@developer.gserviceaccount.com","availableMemory":"256Mi","allTrafficOnLatestRevision":true,"revision":"autocompletebookings-00004-sun","maxInstanceRequestConcurrency":80,"availableCpu":"1"},"state":"ACTIVE","labels":{"deployment-tool":"cli-firebase","deployment-scheduled":"true","firebase-functions-hash":"7c8d67c0e01f0cd990307aecb9f4b0668194b225"},"environment":"GEN_2","url":"https://us-central1-carparking-f65bf.cloudfunctions.net/autoCompleteBookings","satisfiesPzi":true},"stages":[{"name":"BUILD","message":"Build in progress","state":"IN_PROGRESS","resource":"projects/124435045479/locations/us-central1/builds/b9f4ccfb-9288-4b9c-9fe6-e260fe25fab0","resourceUri":"https://console.cloud.google.com/cloud-build/builds;region=us-central1/b9f4ccfb-9288-4b9c-9fe6-e260fe25fab0?project=124435045479"},{"name":"SERVICE","state":"NOT_STARTED"}],"operationType":"UPDATE_FUNCTION","buildName":"projects/124435045479/locations/us-central1/builds/b9f4ccfb-9288-4b9c-9fe6-e260fe25fab0"},"done":false}
[debug] [2026-08-16T13:35:38.523Z] [update-default-us-central1-autoCompleteBookings] Retrying task index 0
[debug] [2026-08-16T13:35:38.524Z] Checked if tokens are valid: true, expires at: 1786889618107
[debug] [2026-08-16T13:35:38.524Z] Checked if tokens are valid: true, expires at: 1786889618107
[debug] [2026-08-16T13:35:38.524Z] >>> [apiv2][query] GET https://cloudfunctions.googleapis.com/v2/projects/carparking-f65bf/locations/us-central1/operations/operation-1786887312710-6592a1f871b9a-278810db-28bb71f1 [none]
[debug] [2026-08-16T13:35:40.102Z] <<< [apiv2][status] GET https://cloudfunctions.googleapis.com/v2/projects/carparking-f65bf/locations/us-central1/operations/operation-1786887312710-6592a1f871b9a-278810db-28bb71f1 200
[debug] [2026-08-16T13:35:40.102Z] <<< [apiv2][body] GET https://cloudfunctions.googleapis.com/v2/projects/carparking-f65bf/locations/us-central1/operations/operation-1786887312710-6592a1f871b9a-278810db-28bb71f1 {"name":"projects/carparking-f65bf/locations/us-central1/operations/operation-1786887312710-6592a1f871b9a-278810db-28bb71f1","metadata":{"@type":"type.googleapis.com/google.cloud.functions.v2.OperationMetadata","createTime":"2026-08-16T13:35:13.749324156Z","target":"projects/carparking-f65bf/locations/us-central1/functions/autoCompleteBookings","verb":"update","cancelRequested":false,"apiVersion":"v2","requestResource":{"@type":"type.googleapis.com/google.cloud.functions.v2.Function","name":"projects/carparking-f65bf/locations/us-central1/functions/autoCompleteBookings","buildConfig":{"runtime":"nodejs24","entryPoint":"autoCompleteBookings","source":{"storageSource":{"bucket":"gcf-v2-sources-124435045479-us-central1","object":"autoCompleteBookings/function-source.zip","generation":"1786887313691687"}},"environmentVariables":{"GOOGLE_NODE_RUN_SCRIPTS":""},"dockerRepository":"projects/carparking-f65bf/locations/us-central1/repositories/gcf-artifacts","sourceProvenance":{"resolvedStorageSource":{"bucket":"gcf-v2-sources-124435045479-us-central1","object":"autoCompleteBookings/function-source.zip","generation":"1783954846234544"}},"dockerRegistry":"ARTIFACT_REGISTRY","serviceAccount":"projects/carparking-f65bf/serviceAccounts/124435045479-compute@developer.gserviceaccount.com","automaticUpdatePolicy":{}},"serviceConfig":{"service":"projects/carparking-f65bf/locations/us-central1/services/autocompletebookings","timeoutSeconds":60,"environmentVariables":{"FIREBASE_CONFIG":"{\"projectId\":\"carparking-f65bf\",\"storageBucket\":\"carparking-f65bf.firebasestorage.app\"}","GCLOUD_PROJECT":"carparking-f65bf","EVENTARC_CLOUD_EVENT_SOURCE":"projects/carparking-f65bf/locations/us-central1/services/autoCompleteBookings","FUNCTION_TARGET":"autoCompleteBookings","LOG_EXECUTION_ID":"true"},"ingressSettings":"ALLOW_ALL","uri":"https://autocompletebookings-dlaa5evfda-uc.a.run.app","serviceAccountEmail":"124435045479-compute@developer.gserviceaccount.com","availableMemory":"256Mi","allTrafficOnLatestRevision":true,"revision":"autocompletebookings-00004-sun","maxInstanceRequestConcurrency":80,"availableCpu":"1"},"state":"ACTIVE","labels":{"deployment-tool":"cli-firebase","deployment-scheduled":"true","firebase-functions-hash":"7c8d67c0e01f0cd990307aecb9f4b0668194b225"},"environment":"GEN_2","url":"https://us-central1-carparking-f65bf.cloudfunctions.net/autoCompleteBookings","satisfiesPzi":true},"stages":[{"name":"BUILD","message":"Build in progress","state":"IN_PROGRESS","resource":"projects/124435045479/locations/us-central1/builds/b9f4ccfb-9288-4b9c-9fe6-e260fe25fab0","resourceUri":"https://console.cloud.google.com/cloud-build/builds;region=us-central1/b9f4ccfb-9288-4b9c-9fe6-e260fe25fab0?project=124435045479"},{"name":"SERVICE","state":"NOT_STARTED"}],"operationType":"UPDATE_FUNCTION","buildName":"projects/124435045479/locations/us-central1/builds/b9f4ccfb-9288-4b9c-9fe6-e260fe25fab0"},"done":false}
[debug] [2026-08-16T13:35:50.117Z] [update-default-us-central1-autoCompleteBookings] Retrying task index 0
[debug] [2026-08-16T13:35:50.118Z] Checked if tokens are valid: true, expires at: 1786889618107
[debug] [2026-08-16T13:35:50.118Z] Checked if tokens are valid: true, expires at: 1786889618107
[debug] [2026-08-16T13:35:50.118Z] >>> [apiv2][query] GET https://cloudfunctions.googleapis.com/v2/projects/carparking-f65bf/locations/us-central1/operations/operation-1786887312710-6592a1f871b9a-278810db-28bb71f1 [none]
[debug] [2026-08-16T13:35:51.666Z] <<< [apiv2][status] GET https://cloudfunctions.googleapis.com/v2/projects/carparking-f65bf/locations/us-central1/operations/operation-1786887312710-6592a1f871b9a-278810db-28bb71f1 200
[debug] [2026-08-16T13:35:51.666Z] <<< [apiv2][body] GET https://cloudfunctions.googleapis.com/v2/projects/carparking-f65bf/locations/us-central1/operations/operation-1786887312710-6592a1f871b9a-278810db-28bb71f1 {"name":"projects/carparking-f65bf/locations/us-central1/operations/operation-1786887312710-6592a1f871b9a-278810db-28bb71f1","metadata":{"@type":"type.googleapis.com/google.cloud.functions.v2.OperationMetadata","createTime":"2026-08-16T13:35:13.749324156Z","target":"projects/carparking-f65bf/locations/us-central1/functions/autoCompleteBookings","verb":"update","cancelRequested":false,"apiVersion":"v2","requestResource":{"@type":"type.googleapis.com/google.cloud.functions.v2.Function","name":"projects/carparking-f65bf/locations/us-central1/functions/autoCompleteBookings","buildConfig":{"runtime":"nodejs24","entryPoint":"autoCompleteBookings","source":{"storageSource":{"bucket":"gcf-v2-sources-124435045479-us-central1","object":"autoCompleteBookings/function-source.zip","generation":"1786887313691687"}},"environmentVariables":{"GOOGLE_NODE_RUN_SCRIPTS":""},"dockerRepository":"projects/carparking-f65bf/locations/us-central1/repositories/gcf-artifacts","sourceProvenance":{"resolvedStorageSource":{"bucket":"gcf-v2-sources-124435045479-us-central1","object":"autoCompleteBookings/function-source.zip","generation":"1783954846234544"}},"dockerRegistry":"ARTIFACT_REGISTRY","serviceAccount":"projects/carparking-f65bf/serviceAccounts/124435045479-compute@developer.gserviceaccount.com","automaticUpdatePolicy":{}},"serviceConfig":{"service":"projects/carparking-f65bf/locations/us-central1/services/autocompletebookings","timeoutSeconds":60,"environmentVariables":{"FIREBASE_CONFIG":"{\"projectId\":\"carparking-f65bf\",\"storageBucket\":\"carparking-f65bf.firebasestorage.app\"}","GCLOUD_PROJECT":"carparking-f65bf","EVENTARC_CLOUD_EVENT_SOURCE":"projects/carparking-f65bf/locations/us-central1/services/autoCompleteBookings","FUNCTION_TARGET":"autoCompleteBookings","LOG_EXECUTION_ID":"true"},"ingressSettings":"ALLOW_ALL","uri":"https://autocompletebookings-dlaa5evfda-uc.a.run.app","serviceAccountEmail":"124435045479-compute@developer.gserviceaccount.com","availableMemory":"256Mi","allTrafficOnLatestRevision":true,"revision":"autocompletebookings-00004-sun","maxInstanceRequestConcurrency":80,"availableCpu":"1"},"state":"ACTIVE","labels":{"deployment-tool":"cli-firebase","deployment-scheduled":"true","firebase-functions-hash":"7c8d67c0e01f0cd990307aecb9f4b0668194b225"},"environment":"GEN_2","url":"https://us-central1-carparking-f65bf.cloudfunctions.net/autoCompleteBookings","satisfiesPzi":true},"stages":[{"name":"BUILD","message":"Build in progress","state":"IN_PROGRESS","resource":"projects/124435045479/locations/us-central1/builds/b9f4ccfb-9288-4b9c-9fe6-e260fe25fab0","resourceUri":"https://console.cloud.google.com/cloud-build/builds;region=us-central1/b9f4ccfb-9288-4b9c-9fe6-e260fe25fab0?project=124435045479"},{"name":"SERVICE","state":"NOT_STARTED"}],"operationType":"UPDATE_FUNCTION","buildName":"projects/124435045479/locations/us-central1/builds/b9f4ccfb-9288-4b9c-9fe6-e260fe25fab0"},"done":false}
